apiVersion: apiextensions.k8s.io/v1beta1
kind: CustomResourceDefinition
metadata:
  labels:
    app.kubernetes.io/component: mxnet
    app.kubernetes.io/name: mxnet-operator
    kustomize.component: mxnet-operator
  name: mxjobs.kubeflow.org
spec:
  group: kubeflow.org
  names:
    kind: MXJob
    plural: mxjobs
    singular: mxjob
  scope: Namespaced
  version: v1beta1
